export TMS_TOKEN=<YjcwWVltWnZYVW1pRVJtQnlx><?xml version="1.0" encoding="utf-8"?><testsuites><testsuite name="pytest" errors="0" failures="0" skipped="0" tests="2" time="19.652" timestamp="2024-01-13T15:27:21.500753" hostname="LAPTOP-L9NFHMS4"><testcase classname="tests.test_button" name="test_button_exist" time="10.947" /><testcase classname="tests.test_button" name="test_button_exist_2" time="4.104" /></testsuite></testsuites>
